// Jest Snapshot v1, https://goo.gl/fbAQLP

exports[`<Playground /> Should render Playground 1`] = `
<div class="w-full h-3/4 flex flex-col justify-center items-center bg-brand-main">
  <h1 class="text-6xl font-black text-brand-gray">Playground</h1>
  <p class="text-2xl mt-3 font-regular text-brand-gray"> Este Ã© o playground, use para testar o widget. </p>
</div>
<div class="w-full h-3/4 flex flex-col justify-center items-center bg-brand-gray">
  <h1 class="text-6xl font-black text-brand-graydark">ğŸš€</h1>
</div>
<div class="w-full h-3/4 flex flex-col justify-center items-center bg-brand-main">
  <h1 class="text-6xl font-black text-brand-gray">ğŸ‘€</h1>
</div>
<div class="w-full h-3/4 flex flex-col justify-center items-center bg-brand-gray">
  <h1 class="text-6xl font-black text-brand-gray">ğŸš¨</h1>
</div>
<!--teleport start-->
<!--teleport end-->
`;
