// Jest Snapshot v1, https://goo.gl/fbAQLP

exports[`<Widget /> Should render Widget 1`] = `
<!--teleport start-->
<!--teleport end-->
`;
