// Jest Snapshot v1, https://goo.gl/fbAQLP

exports[`<Home /> should render home correctly 1`] = `
<header-stub id="header-component"></header-stub>
<contact-stub></contact-stub>
<div class="flex justify-center py-10 bg-brand-gray">
  <p class="font-medium text-center text-gray-800">feedbacker 2021</p>
</div>
`;
